<window id="rootWnd" title="Register Online!"><description>Register Online!</description><vbox><description>Register Online!</description><hbox><image src="wall-create-account-button.png"></image><description>Register Online!</description></hbox><groupbox align="start"><caption label="Your Information"></caption><vbox><hbox><label control="your-fname" value="Enter first name:"> </label><textbox id="your-fname" value="Johan"> </textbox></hbox><hbox><label control="your-lname" value="Enter last name:"> </label><textbox id="your-lname" value="Hernandez"> </textbox></hbox><hbox><button oncommand="alert('save!')"><description>Save</description></button></hbox></vbox></groupbox></vbox></window>
